// Jest Snapshot v1, https://goo.gl/fbAQLP

exports[`Incident Page matches snapshot while loading 1`] = `
<div>
  <main
    class="incident"
  >
    <header>
      <nav
        aria-label="Breadcrumbs"
        class="usa-breadcrumb breadcrumbs"
      >
        <ol
          class="usa-breadcrumb__list"
        >
          <li
            class="usa-breadcrumb__list-item"
          >
            <a
              href="/incidents"
            >
              Home
            </a>
          </li>
          <li
            aria-current="page"
            class="usa-breadcrumb__list-item usa-current"
          >
            <span
              class="name"
            />
          </li>
        </ol>
      </nav>
      <h1
        class="name"
      >
        loading...
      </h1>
    </header>
  </main>
</div>
`;
